../Core/Src/main.c:77:6:FixedPointToString	40	static
../Core/Src/main.c:88:6:delay	16	static
../Core/Src/main.c:94:6:UART_Transmit	16	static
../Core/Src/main.c:99:6:HCSR04_Read	8	static
../Core/Src/main.c:116:5:main	8	static
../Core/Src/main.c:162:6:SystemClock_Config	88	static
../Core/Src/main.c:209:13:MX_TIM3_Init	48	static
../Core/Src/main.c:255:13:MX_USART2_UART_Init	8	static
../Core/Src/main.c:276:13:MX_GPIO_Init	40	static
../Core/Src/main.c:306:6:HAL_TIM_IC_CaptureCallback	48	static
../Core/Src/main.c:374:6:Error_Handler	4	static,ignoring_inline_asm
