../Core/Src/main.c:86:5:_write	24	static
../Core/Src/main.c:90:6:send_uart	16	static
../Core/Src/main.c:108:6:vHandlerTask	24	static
../Core/Src/main.c:124:6:vUARTSendingTask	96	static
../Core/Src/main.c:146:6:vBMP280Task	104	static
../Core/Src/main.c:188:6:vADCTask	48	static
../Core/Src/main.c:244:5:FixedPointToString	40	static
../Core/Src/main.c:256:6:delay	16	static
../Core/Src/main.c:262:6:UART_Transmit	16	static
../Core/Src/main.c:267:6:HCSR04_Read	8	static
../Core/Src/main.c:275:6:vUltrasonicTask	32	static
../Core/Src/main.c:298:5:main	64	static
../Core/Src/main.c:392:6:SystemClock_Config	88	static
../Core/Src/main.c:439:13:MX_ADC1_Init	24	static
../Core/Src/main.c:491:13:MX_I2C1_Init	8	static
../Core/Src/main.c:525:13:MX_TIM3_Init	48	static
../Core/Src/main.c:583:13:MX_USART2_UART_Init	8	static
../Core/Src/main.c:611:13:MX_USART3_UART_Init	8	static
../Core/Src/main.c:643:13:MX_GPIO_Init	40	static
../Core/Src/main.c:689:6:StartDefaultTask	16	static
../Core/Src/main.c:721:6:input_capture_handeler	16	static
../Core/Src/main.c:773:6:HAL_TIM_IC_CaptureCallback	16	static,ignoring_inline_asm
../Core/Src/main.c:787:6:Error_Handler	4	static,ignoring_inline_asm
