../Core/Src/main.c:70:5:_write	24	static
../Core/Src/main.c:74:6:send_uart	16	static
../Core/Src/main.c:200:6:vUARTSendingTask	80	static
../Core/Src/main.c:221:6:vBMP280Task	104	static
../Core/Src/main.c:263:6:vADCTask	48	static
../Core/Src/main.c:323:5:main	64	static
../Core/Src/main.c:414:6:SystemClock_Config	88	static
../Core/Src/main.c:461:13:MX_I2C1_Init	8	static
../Core/Src/main.c:495:13:MX_USART2_UART_Init	8	static
../Core/Src/main.c:523:13:MX_ADC1_Init	24	static
../Core/Src/main.c:574:13:MX_GPIO_Init	16	static
../Core/Src/main.c:598:6:StartDefaultTask	16	static
../Core/Src/main.c:617:6:HAL_TIM_PeriodElapsedCallback	16	static
../Core/Src/main.c:634:6:Error_Handler	4	static,ignoring_inline_asm
